build	Set up job	﻿2025-08-08T01:27:54.7278136Z Current runner version: '2.327.1'
build	Set up job	2025-08-08T01:27:54.7351325Z ##[group]Runner Image Provisioner
build	Set up job	2025-08-08T01:27:54.7352497Z Hosted Compute Agent
build	Set up job	2025-08-08T01:27:54.7353397Z Version: 20250711.363
build	Set up job	2025-08-08T01:27:54.7354163Z Commit: 6785254374ce925a23743850c1cb91912ce5c14c
build	Set up job	2025-08-08T01:27:54.7355279Z Build Date: 2025-07-11T20:04:25Z
build	Set up job	2025-08-08T01:27:54.7356074Z ##[endgroup]
build	Set up job	2025-08-08T01:27:54.7356754Z ##[group]Operating System
build	Set up job	2025-08-08T01:27:54.7357591Z Microsoft Windows Server 2022
build	Set up job	2025-08-08T01:27:54.7358456Z 10.0.20348
build	Set up job	2025-08-08T01:27:54.7359127Z Datacenter
build	Set up job	2025-08-08T01:27:54.7359806Z ##[endgroup]
build	Set up job	2025-08-08T01:27:54.7360508Z ##[group]Runner Image
build	Set up job	2025-08-08T01:27:54.7361216Z Image: windows-2022
build	Set up job	2025-08-08T01:27:54.7361924Z Version: 20250727.1.0
build	Set up job	2025-08-08T01:27:54.7363536Z Included Software: https://github.com/actions/runner-images/blob/win22/20250727.1/images/windows/Windows2022-Readme.md
build	Set up job	2025-08-08T01:27:54.7366269Z Image Release: https://github.com/actions/runner-images/releases/tag/win22%2F20250727.1
build	Set up job	2025-08-08T01:27:54.7368557Z ##[endgroup]
build	Set up job	2025-08-08T01:27:54.7370325Z ##[group]GITHUB_TOKEN Permissions
build	Set up job	2025-08-08T01:27:54.7372684Z Contents: read
build	Set up job	2025-08-08T01:27:54.7373438Z Metadata: read
build	Set up job	2025-08-08T01:27:54.7374153Z Packages: write
build	Set up job	2025-08-08T01:27:54.7374880Z ##[endgroup]
build	Set up job	2025-08-08T01:27:54.7377524Z Secret source: Actions
build	Set up job	2025-08-08T01:27:54.7378522Z Prepare workflow directory
build	Set up job	2025-08-08T01:27:54.7932450Z Prepare all required actions
build	Set up job	2025-08-08T01:27:54.7969178Z Getting action download info
build	Set up job	2025-08-08T01:27:55.0245195Z ##[group]Download immutable action package 'actions/checkout@v4'
build	Set up job	2025-08-08T01:27:55.0246513Z Version: 4.2.2
build	Set up job	2025-08-08T01:27:55.0247698Z Digest: sha256:ccb2698953eaebd21c7bf6268a94f9c26518a7e38e27e0b83c1fe1ad049819b1
build	Set up job	2025-08-08T01:27:55.0249259Z Source commit SHA: 11bd71901bbe5b1630ceea73d27597364c9af683
build	Set up job	2025-08-08T01:27:55.0250184Z ##[endgroup]
build	Set up job	2025-08-08T01:27:55.1491106Z ##[group]Download immutable action package 'docker/login-action@v3'
build	Set up job	2025-08-08T01:27:55.1491897Z Version: 3.5.0
build	Set up job	2025-08-08T01:27:55.1492602Z Digest: sha256:fe9da53c455146b938b627d6e4e65dd4bd2678a581e8bb4e2c4673085b9b4044
build	Set up job	2025-08-08T01:27:55.1493452Z Source commit SHA: 184bdaa0721073962dff0199f1fb9940f07167d1
build	Set up job	2025-08-08T01:27:55.1494099Z ##[endgroup]
build	Set up job	2025-08-08T01:27:55.4466556Z ##[group]Download immutable action package 'docker/metadata-action@v5'
build	Set up job	2025-08-08T01:27:55.4467332Z Version: 5.8.0
build	Set up job	2025-08-08T01:27:55.4468015Z Digest: sha256:ac0510c1bcaf77229cc55556e65fb04fbb39e28bef6bafe9d6726d525aab1831
build	Set up job	2025-08-08T01:27:55.4468857Z Source commit SHA: c1e51972afc2121e065aed6d45c65596fe445f3f
build	Set up job	2025-08-08T01:27:55.4469484Z ##[endgroup]
build	Set up job	2025-08-08T01:27:55.8094580Z Complete job name: build
build	📥 Checkout repository	﻿2025-08-08T01:27:55.9671979Z ##[group]Run actions/checkout@v4
build	📥 Checkout repository	2025-08-08T01:27:55.9673142Z with:
build	📥 Checkout repository	2025-08-08T01:27:55.9673606Z   repository: harvard-edge/cs249r_book
build	📥 Checkout repository	2025-08-08T01:27:55.9674395Z   token: ***
build	📥 Checkout repository	2025-08-08T01:27:55.9674814Z   ssh-strict: true
build	📥 Checkout repository	2025-08-08T01:27:55.9675239Z   ssh-user: git
build	📥 Checkout repository	2025-08-08T01:27:55.9675717Z   persist-credentials: true
build	📥 Checkout repository	2025-08-08T01:27:55.9676212Z   clean: true
build	📥 Checkout repository	2025-08-08T01:27:55.9676647Z   sparse-checkout-cone-mode: true
build	📥 Checkout repository	2025-08-08T01:27:55.9677186Z   fetch-depth: 1
build	📥 Checkout repository	2025-08-08T01:27:55.9677608Z   fetch-tags: false
build	📥 Checkout repository	2025-08-08T01:27:55.9678049Z   show-progress: true
build	📥 Checkout repository	2025-08-08T01:27:55.9678492Z   lfs: false
build	📥 Checkout repository	2025-08-08T01:27:55.9678892Z   submodules: false
build	📥 Checkout repository	2025-08-08T01:27:55.9679336Z   set-safe-directory: true
build	📥 Checkout repository	2025-08-08T01:27:55.9680030Z env:
build	📥 Checkout repository	2025-08-08T01:27:55.9680423Z   REGISTRY: ghcr.io
build	📥 Checkout repository	2025-08-08T01:27:55.9680956Z   IMAGE_NAME: harvard-edge/cs249r_book/quarto-windows
build	📥 Checkout repository	2025-08-08T01:27:55.9681604Z   CONTAINER_TAG: latest
build	📥 Checkout repository	2025-08-08T01:27:55.9682094Z   DOCKERFILE_PATH: ./docker/build-quarto-windows/Dockerfile
build	📥 Checkout repository	2025-08-08T01:27:55.9682671Z   CONTEXT_PATH: .
build	📥 Checkout repository	2025-08-08T01:27:55.9683015Z ##[endgroup]
build	📥 Checkout repository	2025-08-08T01:27:56.1482444Z Syncing repository: harvard-edge/cs249r_book
build	📥 Checkout repository	2025-08-08T01:27:56.1484282Z ##[group]Getting Git version info
build	📥 Checkout repository	2025-08-08T01:27:56.1487620Z Working directory is 'D:\a\cs249r_book\cs249r_book'
build	📥 Checkout repository	2025-08-08T01:27:56.2692813Z [command]"C:\Program Files\Git\bin\git.exe" version
build	📥 Checkout repository	2025-08-08T01:27:56.6802985Z git version 2.50.1.windows.1
build	📥 Checkout repository	2025-08-08T01:27:56.6847260Z ##[endgroup]
build	📥 Checkout repository	2025-08-08T01:27:56.6877985Z Temporarily overriding HOME='D:\a\_temp\c19c6063-48bd-4e3f-af2e-a5c5cdf5e0f4' before making global git config changes
build	📥 Checkout repository	2025-08-08T01:27:56.6881364Z Adding repository directory to the temporary git global config as a safe directory
build	📥 Checkout repository	2025-08-08T01:27:56.6890563Z [command]"C:\Program Files\Git\bin\git.exe" config --global --add safe.directory D:\a\cs249r_book\cs249r_book
build	📥 Checkout repository	2025-08-08T01:27:56.7424312Z Deleting the contents of 'D:\a\cs249r_book\cs249r_book'
build	📥 Checkout repository	2025-08-08T01:27:56.7431026Z ##[group]Initializing the repository
build	📥 Checkout repository	2025-08-08T01:27:56.7441636Z [command]"C:\Program Files\Git\bin\git.exe" init D:\a\cs249r_book\cs249r_book
build	📥 Checkout repository	2025-08-08T01:27:56.8096035Z Initialized empty Git repository in D:/a/cs249r_book/cs249r_book/.git/
build	📥 Checkout repository	2025-08-08T01:27:56.8134720Z [command]"C:\Program Files\Git\bin\git.exe" remote add origin https://github.com/harvard-edge/cs249r_book
build	📥 Checkout repository	2025-08-08T01:27:56.8675980Z ##[endgroup]
build	📥 Checkout repository	2025-08-08T01:27:56.8677399Z ##[group]Disabling automatic garbage collection
build	📥 Checkout repository	2025-08-08T01:27:56.8678885Z [command]"C:\Program Files\Git\bin\git.exe" config --local gc.auto 0
build	📥 Checkout repository	2025-08-08T01:27:56.8911186Z ##[endgroup]
build	📥 Checkout repository	2025-08-08T01:27:56.8912574Z ##[group]Setting up auth
build	📥 Checkout repository	2025-08-08T01:27:56.8924446Z [command]"C:\Program Files\Git\bin\git.exe" config --local --name-only --get-regexp core\.sshCommand
build	📥 Checkout repository	2025-08-08T01:27:56.9150895Z [command]"C:\Program Files\Git\bin\git.exe" submodule foreach --recursive "sh -c \"git config --local --name-only --get-regexp 'core\.sshCommand' && git config --local --unset-all 'core.sshCommand' || :\""
build	📥 Checkout repository	2025-08-08T01:27:58.2197396Z [command]"C:\Program Files\Git\bin\git.exe" config --local --name-only --get-regexp http\.https\:\/\/github\.com\/\.extraheader
build	📥 Checkout repository	2025-08-08T01:27:58.2425079Z [command]"C:\Program Files\Git\bin\git.exe" submodule foreach --recursive "sh -c \"git config --local --name-only --get-regexp 'http\.https\:\/\/github\.com\/\.extraheader' && git config --local --unset-all 'http.https://github.com/.extraheader' || :\""
build	📥 Checkout repository	2025-08-08T01:27:58.6516394Z [command]"C:\Program Files\Git\bin\git.exe" config --local http.https://github.com/.extraheader "AUTHORIZATION: basic ***"
build	📥 Checkout repository	2025-08-08T01:27:58.6744907Z ##[endgroup]
build	📥 Checkout repository	2025-08-08T01:27:58.6745666Z ##[group]Fetching the repository
build	📥 Checkout repository	2025-08-08T01:27:58.6758455Z [command]"C:\Program Files\Git\bin\git.exe" -c protocol.version=2 fetch --no-tags --prune --no-recurse-submodules --depth=1 origin +08eaa88d9ba8304404311059b8d471159bf054da:refs/remotes/origin/dev
build	📥 Checkout repository	2025-08-08T01:28:05.0598981Z From https://github.com/harvard-edge/cs249r_book
build	📥 Checkout repository	2025-08-08T01:28:05.0603155Z  * [new ref]         08eaa88d9ba8304404311059b8d471159bf054da -> origin/dev
build	📥 Checkout repository	2025-08-08T01:28:05.0748140Z ##[endgroup]
build	📥 Checkout repository	2025-08-08T01:28:05.0748811Z ##[group]Determining the checkout info
build	📥 Checkout repository	2025-08-08T01:28:05.0752423Z ##[endgroup]
build	📥 Checkout repository	2025-08-08T01:28:05.0767542Z [command]"C:\Program Files\Git\bin\git.exe" sparse-checkout disable
build	📥 Checkout repository	2025-08-08T01:28:05.1104901Z [command]"C:\Program Files\Git\bin\git.exe" config --local --unset-all extensions.worktreeConfig
build	📥 Checkout repository	2025-08-08T01:28:05.1327460Z ##[group]Checking out the ref
build	📥 Checkout repository	2025-08-08T01:28:05.1336693Z [command]"C:\Program Files\Git\bin\git.exe" checkout --progress --force -B dev refs/remotes/origin/dev
build	📥 Checkout repository	2025-08-08T01:28:06.1620434Z Updating files:  51% (929/1794)
build	📥 Checkout repository	2025-08-08T01:28:06.2023892Z Updating files:  52% (933/1794)
build	📥 Checkout repository	2025-08-08T01:28:06.2618124Z Updating files:  53% (951/1794)
build	📥 Checkout repository	2025-08-08T01:28:06.3179421Z Updating files:  54% (969/1794)
build	📥 Checkout repository	2025-08-08T01:28:06.3580893Z Updating files:  55% (987/1794)
build	📥 Checkout repository	2025-08-08T01:28:06.3930759Z Updating files:  56% (1005/1794)
build	📥 Checkout repository	2025-08-08T01:28:06.4393983Z Updating files:  57% (1023/1794)
build	📥 Checkout repository	2025-08-08T01:28:06.4767935Z Updating files:  58% (1041/1794)
build	📥 Checkout repository	2025-08-08T01:28:06.5421671Z Updating files:  59% (1059/1794)
build	📥 Checkout repository	2025-08-08T01:28:06.5760117Z Updating files:  60% (1077/1794)
build	📥 Checkout repository	2025-08-08T01:28:06.5888526Z Updating files:  61% (1095/1794)
build	📥 Checkout repository	2025-08-08T01:28:06.6229533Z Updating files:  62% (1113/1794)
build	📥 Checkout repository	2025-08-08T01:28:06.6581113Z Updating files:  63% (1131/1794)
build	📥 Checkout repository	2025-08-08T01:28:06.6708885Z Updating files:  64% (1149/1794)
build	📥 Checkout repository	2025-08-08T01:28:06.6815863Z Updating files:  65% (1167/1794)
build	📥 Checkout repository	2025-08-08T01:28:06.7192605Z Updating files:  66% (1185/1794)
build	📥 Checkout repository	2025-08-08T01:28:06.7445404Z Updating files:  67% (1202/1794)
build	📥 Checkout repository	2025-08-08T01:28:06.7626427Z Updating files:  68% (1220/1794)
build	📥 Checkout repository	2025-08-08T01:28:06.7852969Z Updating files:  69% (1238/1794)
build	📥 Checkout repository	2025-08-08T01:28:06.8170128Z Updating files:  70% (1256/1794)
build	📥 Checkout repository	2025-08-08T01:28:06.8607879Z Updating files:  71% (1274/1794)
build	📥 Checkout repository	2025-08-08T01:28:06.8859883Z Updating files:  72% (1292/1794)
build	📥 Checkout repository	2025-08-08T01:28:06.9155726Z Updating files:  73% (1310/1794)
build	📥 Checkout repository	2025-08-08T01:28:06.9438955Z Updating files:  74% (1328/1794)
build	📥 Checkout repository	2025-08-08T01:28:06.9655960Z Updating files:  75% (1346/1794)
build	📥 Checkout repository	2025-08-08T01:28:06.9959803Z Updating files:  76% (1364/1794)
build	📥 Checkout repository	2025-08-08T01:28:07.0159471Z Updating files:  77% (1382/1794)
build	📥 Checkout repository	2025-08-08T01:28:07.0495572Z Updating files:  78% (1400/1794)
build	📥 Checkout repository	2025-08-08T01:28:07.0930553Z Updating files:  79% (1418/1794)
build	📥 Checkout repository	2025-08-08T01:28:07.1169606Z Updating files:  80% (1436/1794)
build	📥 Checkout repository	2025-08-08T01:28:07.1456254Z Updating files:  81% (1454/1794)
build	📥 Checkout repository	2025-08-08T01:28:07.1596430Z Updating files:  82% (1472/1794)
build	📥 Checkout repository	2025-08-08T01:28:07.1665659Z Updating files:  82% (1481/1794)
build	📥 Checkout repository	2025-08-08T01:28:07.1946482Z Updating files:  83% (1490/1794)
build	📥 Checkout repository	2025-08-08T01:28:07.2552633Z Updating files:  84% (1507/1794)
build	📥 Checkout repository	2025-08-08T01:28:07.2976960Z Updating files:  85% (1525/1794)
build	📥 Checkout repository	2025-08-08T01:28:07.3226076Z Updating files:  86% (1543/1794)
build	📥 Checkout repository	2025-08-08T01:28:07.3573517Z Updating files:  87% (1561/1794)
build	📥 Checkout repository	2025-08-08T01:28:07.3919350Z Updating files:  88% (1579/1794)
build	📥 Checkout repository	2025-08-08T01:28:07.4324765Z Updating files:  89% (1597/1794)
build	📥 Checkout repository	2025-08-08T01:28:07.4643013Z Updating files:  90% (1615/1794)
build	📥 Checkout repository	2025-08-08T01:28:07.4924312Z Updating files:  91% (1633/1794)
build	📥 Checkout repository	2025-08-08T01:28:07.5028140Z Updating files:  92% (1651/1794)
build	📥 Checkout repository	2025-08-08T01:28:07.5392896Z Updating files:  93% (1669/1794)
build	📥 Checkout repository	2025-08-08T01:28:07.5427978Z Updating files:  94% (1687/1794)
build	📥 Checkout repository	2025-08-08T01:28:07.6421531Z Updating files:  95% (1705/1794)
build	📥 Checkout repository	2025-08-08T01:28:07.6509220Z Updating files:  96% (1723/1794)
build	📥 Checkout repository	2025-08-08T01:28:07.6567856Z Updating files:  97% (1741/1794)
build	📥 Checkout repository	2025-08-08T01:28:07.6608788Z Updating files:  98% (1759/1794)
build	📥 Checkout repository	2025-08-08T01:28:07.6640659Z Updating files:  99% (1777/1794)
build	📥 Checkout repository	2025-08-08T01:28:07.6641060Z Updating files: 100% (1794/1794)
build	📥 Checkout repository	2025-08-08T01:28:07.6641391Z Updating files: 100% (1794/1794), done.
build	📥 Checkout repository	2025-08-08T01:28:07.6790880Z branch 'dev' set up to track 'origin/dev'.
build	📥 Checkout repository	2025-08-08T01:28:07.6800355Z Switched to a new branch 'dev'
build	📥 Checkout repository	2025-08-08T01:28:07.7090538Z ##[endgroup]
build	📥 Checkout repository	2025-08-08T01:28:07.7531815Z [command]"C:\Program Files\Git\bin\git.exe" log -1 --format=%H
build	📥 Checkout repository	2025-08-08T01:28:07.7745883Z 08eaa88d9ba8304404311059b8d471159bf054da
build	🔐 Log in to Container Registry	﻿2025-08-08T01:28:07.8068024Z ##[group]Run docker/login-action@v3
build	🔐 Log in to Container Registry	2025-08-08T01:28:07.8068334Z with:
build	🔐 Log in to Container Registry	2025-08-08T01:28:07.8068495Z   registry: ghcr.io
build	🔐 Log in to Container Registry	2025-08-08T01:28:07.8068670Z   username: profvjreddi
build	🔐 Log in to Container Registry	2025-08-08T01:28:07.8069180Z   password: ***
build	🔐 Log in to Container Registry	2025-08-08T01:28:07.8069447Z   ecr: auto
build	🔐 Log in to Container Registry	2025-08-08T01:28:07.8069700Z   logout: true
build	🔐 Log in to Container Registry	2025-08-08T01:28:07.8069849Z env:
build	🔐 Log in to Container Registry	2025-08-08T01:28:07.8069990Z   REGISTRY: ghcr.io
build	🔐 Log in to Container Registry	2025-08-08T01:28:07.8070218Z   IMAGE_NAME: harvard-edge/cs249r_book/quarto-windows
build	🔐 Log in to Container Registry	2025-08-08T01:28:07.8070484Z   CONTAINER_TAG: latest
build	🔐 Log in to Container Registry	2025-08-08T01:28:07.8070733Z   DOCKERFILE_PATH: ./docker/build-quarto-windows/Dockerfile
build	🔐 Log in to Container Registry	2025-08-08T01:28:07.8071001Z   CONTEXT_PATH: .
build	🔐 Log in to Container Registry	2025-08-08T01:28:07.8071159Z ##[endgroup]
build	🔐 Log in to Container Registry	2025-08-08T01:28:08.2407373Z Logging into ghcr.io...
build	🔐 Log in to Container Registry	2025-08-08T01:28:11.2430685Z Login Succeeded!
build	🏷️ Extract metadata	﻿2025-08-08T01:28:11.2695196Z ##[group]Run docker/metadata-action@v5
build	🏷️ Extract metadata	2025-08-08T01:28:11.2695626Z with:
build	🏷️ Extract metadata	2025-08-08T01:28:11.2695909Z   images: ghcr.io/harvard-edge/cs249r_book/quarto-windows
build	🏷️ Extract metadata	2025-08-08T01:28:11.2696513Z   tags: type=raw,value=latest
build	🏷️ Extract metadata	
build	🏷️ Extract metadata	2025-08-08T01:28:11.2696754Z   context: workflow
build	🏷️ Extract metadata	2025-08-08T01:28:11.2697181Z   github-token: ***
build	🏷️ Extract metadata	2025-08-08T01:28:11.2697420Z env:
build	🏷️ Extract metadata	2025-08-08T01:28:11.2697598Z   REGISTRY: ghcr.io
build	🏷️ Extract metadata	2025-08-08T01:28:11.2697873Z   IMAGE_NAME: harvard-edge/cs249r_book/quarto-windows
build	🏷️ Extract metadata	2025-08-08T01:28:11.2698165Z   CONTAINER_TAG: latest
build	🏷️ Extract metadata	2025-08-08T01:28:11.2698481Z   DOCKERFILE_PATH: ./docker/build-quarto-windows/Dockerfile
build	🏷️ Extract metadata	2025-08-08T01:28:11.2698802Z   CONTEXT_PATH: .
build	🏷️ Extract metadata	2025-08-08T01:28:11.2699028Z ##[endgroup]
build	🏷️ Extract metadata	2025-08-08T01:28:11.9033711Z ##[group]Context info
build	🏷️ Extract metadata	2025-08-08T01:28:11.9034346Z eventName: push
build	🏷️ Extract metadata	2025-08-08T01:28:11.9034769Z sha: 08eaa88d9ba8304404311059b8d471159bf054da
build	🏷️ Extract metadata	2025-08-08T01:28:11.9035313Z ref: refs/heads/dev
build	🏷️ Extract metadata	2025-08-08T01:28:11.9036028Z workflow: 🐳 Build Windows Container
build	🏷️ Extract metadata	2025-08-08T01:28:11.9036667Z action: meta
build	🏷️ Extract metadata	2025-08-08T01:28:11.9037012Z actor: profvjreddi
build	🏷️ Extract metadata	2025-08-08T01:28:11.9037382Z runNumber: 124
build	🏷️ Extract metadata	2025-08-08T01:28:11.9037677Z runId: 16819668386
build	🏷️ Extract metadata	2025-08-08T01:28:11.9046350Z commitDate: Fri Aug 08 2025 01:27:47 GMT+0000 (Coordinated Universal Time)
build	🏷️ Extract metadata	2025-08-08T01:28:11.9049187Z ##[endgroup]
build	🏷️ Extract metadata	2025-08-08T01:28:11.9060395Z ##[group]Processing images input
build	🏷️ Extract metadata	2025-08-08T01:28:11.9061057Z name=ghcr.io/harvard-edge/cs249r_book/quarto-windows,enable=true
build	🏷️ Extract metadata	2025-08-08T01:28:11.9062204Z ##[endgroup]
build	🏷️ Extract metadata	2025-08-08T01:28:11.9070511Z ##[group]Processing tags input
build	🏷️ Extract metadata	2025-08-08T01:28:11.9071362Z type=raw,value=latest,enable=true,priority=200
build	🏷️ Extract metadata	2025-08-08T01:28:11.9072565Z ##[endgroup]
build	🏷️ Extract metadata	2025-08-08T01:28:11.9075038Z ##[group]Processing flavor input
build	🏷️ Extract metadata	2025-08-08T01:28:11.9075943Z latest=auto
build	🏷️ Extract metadata	2025-08-08T01:28:11.9076505Z prefix=
build	🏷️ Extract metadata	2025-08-08T01:28:11.9077035Z prefixLatest=false
build	🏷️ Extract metadata	2025-08-08T01:28:11.9077618Z suffix=
build	🏷️ Extract metadata	2025-08-08T01:28:11.9078158Z suffixLatest=false
build	🏷️ Extract metadata	2025-08-08T01:28:11.9078932Z ##[endgroup]
build	🏷️ Extract metadata	2025-08-08T01:28:11.9129360Z ##[group]Docker image version
build	🏷️ Extract metadata	2025-08-08T01:28:11.9129848Z latest
build	🏷️ Extract metadata	2025-08-08T01:28:11.9130693Z ##[endgroup]
build	🏷️ Extract metadata	2025-08-08T01:28:11.9141311Z ##[group]Docker tags
build	🏷️ Extract metadata	2025-08-08T01:28:11.9142244Z ghcr.io/harvard-edge/cs249r_book/quarto-windows:latest
build	🏷️ Extract metadata	2025-08-08T01:28:11.9143458Z ##[endgroup]
build	🏷️ Extract metadata	2025-08-08T01:28:11.9269198Z ##[group]Docker labels
build	🏷️ Extract metadata	2025-08-08T01:28:11.9269848Z org.opencontainers.image.created=2025-08-08T01:28:11.903Z
build	🏷️ Extract metadata	2025-08-08T01:28:11.9270673Z org.opencontainers.image.description=Introduction to Machine Learning Systems
build	🏷️ Extract metadata	2025-08-08T01:28:11.9271806Z org.opencontainers.image.licenses=NOASSERTION
build	🏷️ Extract metadata	2025-08-08T01:28:11.9272620Z org.opencontainers.image.revision=08eaa88d9ba8304404311059b8d471159bf054da
build	🏷️ Extract metadata	2025-08-08T01:28:11.9273399Z org.opencontainers.image.source=https://github.com/harvard-edge/cs249r_book
build	🏷️ Extract metadata	2025-08-08T01:28:11.9274012Z org.opencontainers.image.title=cs249r_book
build	🏷️ Extract metadata	2025-08-08T01:28:11.9274768Z org.opencontainers.image.url=https://github.com/harvard-edge/cs249r_book
build	🏷️ Extract metadata	2025-08-08T01:28:11.9275531Z org.opencontainers.image.version=latest
build	🏷️ Extract metadata	2025-08-08T01:28:11.9280933Z ##[endgroup]
build	🏷️ Extract metadata	2025-08-08T01:28:11.9283789Z ##[group]Annotations
build	🏷️ Extract metadata	2025-08-08T01:28:11.9286015Z manifest:org.opencontainers.image.created=2025-08-08T01:28:11.903Z
build	🏷️ Extract metadata	2025-08-08T01:28:11.9287019Z manifest:org.opencontainers.image.description=Introduction to Machine Learning Systems
build	🏷️ Extract metadata	2025-08-08T01:28:11.9287985Z manifest:org.opencontainers.image.licenses=NOASSERTION
build	🏷️ Extract metadata	2025-08-08T01:28:11.9377210Z manifest:org.opencontainers.image.revision=08eaa88d9ba8304404311059b8d471159bf054da
build	🏷️ Extract metadata	2025-08-08T01:28:11.9378756Z manifest:org.opencontainers.image.source=https://github.com/harvard-edge/cs249r_book
build	🏷️ Extract metadata	2025-08-08T01:28:11.9379487Z manifest:org.opencontainers.image.title=cs249r_book
build	🏷️ Extract metadata	2025-08-08T01:28:11.9380159Z manifest:org.opencontainers.image.url=https://github.com/harvard-edge/cs249r_book
build	🏷️ Extract metadata	2025-08-08T01:28:11.9380885Z manifest:org.opencontainers.image.version=latest
build	🏷️ Extract metadata	2025-08-08T01:28:11.9381794Z ##[endgroup]
build	🏷️ Extract metadata	2025-08-08T01:28:11.9385785Z ##[group]JSON output
build	🏷️ Extract metadata	2025-08-08T01:28:11.9386062Z {
build	🏷️ Extract metadata	2025-08-08T01:28:11.9386281Z   "tags": [
build	🏷️ Extract metadata	2025-08-08T01:28:11.9386639Z     "ghcr.io/harvard-edge/cs249r_book/quarto-windows:latest"
build	🏷️ Extract metadata	2025-08-08T01:28:11.9387365Z   ],
build	🏷️ Extract metadata	2025-08-08T01:28:11.9387585Z   "labels": {
build	🏷️ Extract metadata	2025-08-08T01:28:11.9388004Z     "org.opencontainers.image.created": "2025-08-08T01:28:11.903Z",
build	🏷️ Extract metadata	2025-08-08T01:28:11.9388824Z     "org.opencontainers.image.description": "Introduction to Machine Learning Systems",
build	🏷️ Extract metadata	2025-08-08T01:28:11.9389593Z     "org.opencontainers.image.licenses": "NOASSERTION",
build	🏷️ Extract metadata	2025-08-08T01:28:11.9390318Z     "org.opencontainers.image.revision": "08eaa88d9ba8304404311059b8d471159bf054da",
build	🏷️ Extract metadata	2025-08-08T01:28:11.9391235Z     "org.opencontainers.image.source": "https://github.com/harvard-edge/cs249r_book",
build	🏷️ Extract metadata	2025-08-08T01:28:11.9391970Z     "org.opencontainers.image.title": "cs249r_book",
build	🏷️ Extract metadata	2025-08-08T01:28:11.9392648Z     "org.opencontainers.image.url": "https://github.com/harvard-edge/cs249r_book",
build	🏷️ Extract metadata	2025-08-08T01:28:11.9393324Z     "org.opencontainers.image.version": "latest"
build	🏷️ Extract metadata	2025-08-08T01:28:11.9393788Z   },
build	🏷️ Extract metadata	2025-08-08T01:28:11.9394005Z   "annotations": [
build	🏷️ Extract metadata	2025-08-08T01:28:11.9394525Z     "manifest:org.opencontainers.image.created=2025-08-08T01:28:11.903Z",
build	🏷️ Extract metadata	2025-08-08T01:28:11.9395353Z     "manifest:org.opencontainers.image.description=Introduction to Machine Learning Systems",
build	🏷️ Extract metadata	2025-08-08T01:28:11.9395852Z     "manifest:org.opencontainers.image.licenses=NOASSERTION",
build	🏷️ Extract metadata	2025-08-08T01:28:11.9396289Z     "manifest:org.opencontainers.image.revision=08eaa88d9ba8304404311059b8d471159bf054da",
build	🏷️ Extract metadata	2025-08-08T01:28:11.9396824Z     "manifest:org.opencontainers.image.source=https://github.com/harvard-edge/cs249r_book",
build	🏷️ Extract metadata	2025-08-08T01:28:11.9397254Z     "manifest:org.opencontainers.image.title=cs249r_book",
build	🏷️ Extract metadata	2025-08-08T01:28:11.9397663Z     "manifest:org.opencontainers.image.url=https://github.com/harvard-edge/cs249r_book",
build	🏷️ Extract metadata	2025-08-08T01:28:11.9398076Z     "manifest:org.opencontainers.image.version=latest"
build	🏷️ Extract metadata	2025-08-08T01:28:11.9398365Z   ]
build	🏷️ Extract metadata	2025-08-08T01:28:11.9398497Z }
build	🏷️ Extract metadata	2025-08-08T01:28:11.9398781Z ##[endgroup]
build	🏷️ Extract metadata	2025-08-08T01:28:11.9399071Z ##[group]Bake file definition (tags)
build	🏷️ Extract metadata	2025-08-08T01:28:11.9399279Z {
build	🏷️ Extract metadata	2025-08-08T01:28:11.9399401Z   "target": {
build	🏷️ Extract metadata	2025-08-08T01:28:11.9399571Z     "docker-metadata-action": {
build	🏷️ Extract metadata	2025-08-08T01:28:11.9399759Z       "tags": [
build	🏷️ Extract metadata	2025-08-08T01:28:11.9399987Z         "ghcr.io/harvard-edge/cs249r_book/quarto-windows:latest"
build	🏷️ Extract metadata	2025-08-08T01:28:11.9400243Z       ],
build	🏷️ Extract metadata	2025-08-08T01:28:11.9400376Z       "args": {
build	🏷️ Extract metadata	2025-08-08T01:28:11.9400629Z         "DOCKER_META_IMAGES": "ghcr.io/harvard-edge/cs249r_book/quarto-windows",
build	🏷️ Extract metadata	2025-08-08T01:28:11.9400941Z         "DOCKER_META_VERSION": "latest"
build	🏷️ Extract metadata	2025-08-08T01:28:11.9401145Z       }
build	🏷️ Extract metadata	2025-08-08T01:28:11.9401266Z     }
build	🏷️ Extract metadata	2025-08-08T01:28:11.9401393Z   }
build	🏷️ Extract metadata	2025-08-08T01:28:11.9401509Z }
build	🏷️ Extract metadata	2025-08-08T01:28:11.9401758Z ##[endgroup]
build	🏷️ Extract metadata	2025-08-08T01:28:11.9402029Z ##[group]Bake file definition (labels)
build	🏷️ Extract metadata	2025-08-08T01:28:11.9402226Z {
build	🏷️ Extract metadata	2025-08-08T01:28:11.9402361Z   "target": {
build	🏷️ Extract metadata	2025-08-08T01:28:11.9402519Z     "docker-metadata-action": {
build	🏷️ Extract metadata	2025-08-08T01:28:11.9402712Z       "labels": {
build	🏷️ Extract metadata	2025-08-08T01:28:11.9402968Z         "org.opencontainers.image.created": "2025-08-08T01:28:11.903Z",
build	🏷️ Extract metadata	2025-08-08T01:28:11.9403413Z         "org.opencontainers.image.description": "Introduction to Machine Learning Systems",
build	🏷️ Extract metadata	2025-08-08T01:28:11.9403833Z         "org.opencontainers.image.licenses": "NOASSERTION",
build	🏷️ Extract metadata	2025-08-08T01:28:11.9404225Z         "org.opencontainers.image.revision": "08eaa88d9ba8304404311059b8d471159bf054da",
build	🏷️ Extract metadata	2025-08-08T01:28:11.9404703Z         "org.opencontainers.image.source": "https://github.com/harvard-edge/cs249r_book",
build	🏷️ Extract metadata	2025-08-08T01:28:11.9405098Z         "org.opencontainers.image.title": "cs249r_book",
build	🏷️ Extract metadata	2025-08-08T01:28:11.9405464Z         "org.opencontainers.image.url": "https://github.com/harvard-edge/cs249r_book",
build	🏷️ Extract metadata	2025-08-08T01:28:11.9405839Z         "org.opencontainers.image.version": "latest"
build	🏷️ Extract metadata	2025-08-08T01:28:11.9406064Z       }
build	🏷️ Extract metadata	2025-08-08T01:28:11.9407047Z     }
build	🏷️ Extract metadata	2025-08-08T01:28:11.9407169Z   }
build	🏷️ Extract metadata	2025-08-08T01:28:11.9407296Z }
build	🏷️ Extract metadata	2025-08-08T01:28:11.9407553Z ##[endgroup]
build	🏷️ Extract metadata	2025-08-08T01:28:11.9407843Z ##[group]Bake file definition (annotations)
build	🏷️ Extract metadata	2025-08-08T01:28:11.9408731Z {
build	🏷️ Extract metadata	2025-08-08T01:28:11.9408864Z   "target": {
build	🏷️ Extract metadata	2025-08-08T01:28:11.9409021Z     "docker-metadata-action": {
build	🏷️ Extract metadata	2025-08-08T01:28:11.9409218Z       "annotations": [
build	🏷️ Extract metadata	2025-08-08T01:28:11.9409482Z         "manifest:org.opencontainers.image.created=2025-08-08T01:28:11.903Z",
build	🏷️ Extract metadata	2025-08-08T01:28:11.9409974Z         "manifest:org.opencontainers.image.description=Introduction to Machine Learning Systems",
build	🏷️ Extract metadata	2025-08-08T01:28:11.9410426Z         "manifest:org.opencontainers.image.licenses=NOASSERTION",
build	🏷️ Extract metadata	2025-08-08T01:28:11.9410853Z         "manifest:org.opencontainers.image.revision=08eaa88d9ba8304404311059b8d471159bf054da",
build	🏷️ Extract metadata	2025-08-08T01:28:11.9411382Z         "manifest:org.opencontainers.image.source=https://github.com/harvard-edge/cs249r_book",
build	🏷️ Extract metadata	2025-08-08T01:28:11.9411815Z         "manifest:org.opencontainers.image.title=cs249r_book",
build	🏷️ Extract metadata	2025-08-08T01:28:11.9412240Z         "manifest:org.opencontainers.image.url=https://github.com/harvard-edge/cs249r_book",
build	🏷️ Extract metadata	2025-08-08T01:28:11.9412654Z         "manifest:org.opencontainers.image.version=latest"
build	🏷️ Extract metadata	2025-08-08T01:28:11.9412901Z       ]
build	🏷️ Extract metadata	2025-08-08T01:28:11.9413031Z     }
build	🏷️ Extract metadata	2025-08-08T01:28:11.9413160Z   }
build	🏷️ Extract metadata	2025-08-08T01:28:11.9413277Z }
build	🏷️ Extract metadata	2025-08-08T01:28:11.9413529Z ##[endgroup]
build	🐳 Build Windows container locally for testing	﻿2025-08-08T01:28:12.0102951Z ##[group]Run echo "🚀 Building Windows container locally..."
build	🐳 Build Windows container locally for testing	2025-08-08T01:28:12.0103449Z [36;1mecho "🚀 Building Windows container locally..."[0m
build	🐳 Build Windows container locally for testing	2025-08-08T01:28:12.0103825Z [36;1m$useNoCache = "" -eq "true" -or "push" -eq "workflow_dispatch"[0m
build	🐳 Build Windows container locally for testing	2025-08-08T01:28:12.0104134Z [36;1mif ($useNoCache) {[0m
build	🐳 Build Windows container locally for testing	2025-08-08T01:28:12.0104508Z [36;1m  echo "📊 Cache mode: DISABLED (fresh build - manual trigger or no_cache=true)"[0m
build	🐳 Build Windows container locally for testing	2025-08-08T01:28:12.0104917Z [36;1m  echo "🔄 Building with --no-cache flag (fresh build)..."[0m
build	🐳 Build Windows container locally for testing	2025-08-08T01:28:12.0105497Z [36;1m  docker build --no-cache -t ghcr.io/harvard-edge/cs249r_book/quarto-windows:latest -f ./docker/build-quarto-windows/Dockerfile .[0m
build	🐳 Build Windows container locally for testing	2025-08-08T01:28:12.0106021Z [36;1m} else {[0m
build	🐳 Build Windows container locally for testing	2025-08-08T01:28:12.0106282Z [36;1m  echo "📊 Cache mode: ENABLED (faster build - called via build manager)" [0m
build	🐳 Build Windows container locally for testing	2025-08-08T01:28:12.0106665Z [36;1m  echo "🔄 Building with cache enabled (faster build)..."[0m
build	🐳 Build Windows container locally for testing	2025-08-08T01:28:12.0107195Z [36;1m  docker build -t ghcr.io/harvard-edge/cs249r_book/quarto-windows:latest -f ./docker/build-quarto-windows/Dockerfile .[0m
build	🐳 Build Windows container locally for testing	2025-08-08T01:28:12.0107703Z [36;1m}[0m
build	🐳 Build Windows container locally for testing	2025-08-08T01:28:12.0107848Z [36;1m[0m
build	🐳 Build Windows container locally for testing	2025-08-08T01:28:12.0108024Z [36;1mecho "✅ Local container build completed"[0m
build	🐳 Build Windows container locally for testing	2025-08-08T01:28:12.0108306Z [36;1mecho "📊 Verifying local image exists..."[0m
build	🐳 Build Windows container locally for testing	2025-08-08T01:28:12.0108654Z [36;1mdocker images ghcr.io/harvard-edge/cs249r_book/quarto-windows:latest[0m
build	🐳 Build Windows container locally for testing	2025-08-08T01:28:12.0216634Z shell: C:\Program Files\PowerShell\7\pwsh.EXE -command ". '{0}'"
build	🐳 Build Windows container locally for testing	2025-08-08T01:28:12.0217084Z env:
build	🐳 Build Windows container locally for testing	2025-08-08T01:28:12.0217283Z   REGISTRY: ghcr.io
build	🐳 Build Windows container locally for testing	2025-08-08T01:28:12.0217579Z   IMAGE_NAME: harvard-edge/cs249r_book/quarto-windows
build	🐳 Build Windows container locally for testing	2025-08-08T01:28:12.0217978Z   CONTAINER_TAG: latest
build	🐳 Build Windows container locally for testing	2025-08-08T01:28:12.0218317Z   DOCKERFILE_PATH: ./docker/build-quarto-windows/Dockerfile
build	🐳 Build Windows container locally for testing	2025-08-08T01:28:12.0218712Z   CONTEXT_PATH: .
build	🐳 Build Windows container locally for testing	2025-08-08T01:28:12.0218956Z   DOCKER_METADATA_OUTPUT_VERSION: latest
build	🐳 Build Windows container locally for testing	2025-08-08T01:28:12.0219499Z   DOCKER_METADATA_OUTPUT_TAGS: ghcr.io/harvard-edge/cs249r_book/quarto-windows:latest
build	🐳 Build Windows container locally for testing	2025-08-08T01:28:12.0222525Z   DOCKER_METADATA_OUTPUT_LABELS: org.opencontainers.image.created=2025-08-08T01:28:11.903Z
build	🐳 Build Windows container locally for testing	org.opencontainers.image.description=Introduction to Machine Learning Systems
build	🐳 Build Windows container locally for testing	org.opencontainers.image.licenses=NOASSERTION
build	🐳 Build Windows container locally for testing	org.opencontainers.image.revision=08eaa88d9ba8304404311059b8d471159bf054da
build	🐳 Build Windows container locally for testing	org.opencontainers.image.source=https://github.com/harvard-edge/cs249r_book
build	🐳 Build Windows container locally for testing	org.opencontainers.image.title=cs249r_book
build	🐳 Build Windows container locally for testing	org.opencontainers.image.url=https://github.com/harvard-edge/cs249r_book
build	🐳 Build Windows container locally for testing	org.opencontainers.image.version=latest
build	🐳 Build Windows container locally for testing	2025-08-08T01:28:12.0227411Z   DOCKER_METADATA_OUTPUT_ANNOTATIONS: manifest:org.opencontainers.image.created=2025-08-08T01:28:11.903Z
build	🐳 Build Windows container locally for testing	manifest:org.opencontainers.image.description=Introduction to Machine Learning Systems
build	🐳 Build Windows container locally for testing	manifest:org.opencontainers.image.licenses=NOASSERTION
build	🐳 Build Windows container locally for testing	manifest:org.opencontainers.image.revision=08eaa88d9ba8304404311059b8d471159bf054da
build	🐳 Build Windows container locally for testing	manifest:org.opencontainers.image.source=https://github.com/harvard-edge/cs249r_book
build	🐳 Build Windows container locally for testing	manifest:org.opencontainers.image.title=cs249r_book
build	🐳 Build Windows container locally for testing	manifest:org.opencontainers.image.url=https://github.com/harvard-edge/cs249r_book
build	🐳 Build Windows container locally for testing	manifest:org.opencontainers.image.version=latest
build	🐳 Build Windows container locally for testing	2025-08-08T01:28:12.0233935Z   DOCKER_METADATA_OUTPUT_JSON: {"tags":["ghcr.io/harvard-edge/cs249r_book/quarto-windows:latest"],"labels":{"org.opencontainers.image.created":"2025-08-08T01:28:11.903Z","org.opencontainers.image.description":"Introduction to Machine Learning Systems","org.opencontainers.image.licenses":"NOASSERTION","org.opencontainers.image.revision":"08eaa88d9ba8304404311059b8d471159bf054da","org.opencontainers.image.source":"https://github.com/harvard-edge/cs249r_book","org.opencontainers.image.title":"cs249r_book","org.opencontainers.image.url":"https://github.com/harvard-edge/cs249r_book","org.opencontainers.image.version":"latest"},"annotations":["manifest:org.opencontainers.image.created=2025-08-08T01:28:11.903Z","manifest:org.opencontainers.image.description=Introduction to Machine Learning Systems","manifest:org.opencontainers.image.licenses=NOASSERTION","manifest:org.opencontainers.image.revision=08eaa88d9ba8304404311059b8d471159bf054da","manifest:org.opencontainers.image.source=https://github.com/harvard-edge/cs249r_book","manifest:org.opencontainers.image.title=cs249r_book","manifest:org.opencontainers.image.url=https://github.com/harvard-edge/cs249r_book","manifest:org.opencontainers.image.version=latest"]}
build	🐳 Build Windows container locally for testing	2025-08-08T01:28:12.0240299Z   DOCKER_METADATA_OUTPUT_BAKE_FILE_TAGS: D:\a\_temp\docker-actions-toolkit-civRua\docker-metadata-action-bake-tags.json
build	🐳 Build Windows container locally for testing	2025-08-08T01:28:12.0241030Z   DOCKER_METADATA_OUTPUT_BAKE_FILE_LABELS: D:\a\_temp\docker-actions-toolkit-civRua\docker-metadata-action-bake-labels.json
build	🐳 Build Windows container locally for testing	2025-08-08T01:28:12.0241802Z   DOCKER_METADATA_OUTPUT_BAKE_FILE_ANNOTATIONS: D:\a\_temp\docker-actions-toolkit-civRua\docker-metadata-action-bake-annotations.json
build	🐳 Build Windows container locally for testing	2025-08-08T01:28:12.0242525Z   DOCKER_METADATA_OUTPUT_BAKE_FILE: D:\a\_temp\docker-actions-toolkit-civRua\docker-metadata-action-bake.json
build	🐳 Build Windows container locally for testing	2025-08-08T01:28:12.0242945Z ##[endgroup]
build	🐳 Build Windows container locally for testing	2025-08-08T01:28:18.7092973Z 🚀 Building Windows container locally...
build	🐳 Build Windows container locally for testing	2025-08-08T01:28:18.7196858Z 📊 Cache mode: ENABLED (faster build - called via build manager)
build	🐳 Build Windows container locally for testing	2025-08-08T01:28:18.7199401Z 🔄 Building with cache enabled (faster build)...
build	🐳 Build Windows container locally for testing	2025-08-08T01:28:24.8428139Z Sending build context to Docker daemon  773.3MB
build	🐳 Build Windows container locally for testing	2025-08-08T01:28:24.8429081Z 
build	🐳 Build Windows container locally for testing	2025-08-08T01:28:24.8711334Z Step 1/35 : FROM mcr.microsoft.com/windows/server:ltsc2022
build	🐳 Build Windows container locally for testing	2025-08-08T01:28:25.2001469Z ltsc2022: Pulling from windows/server
build	🐳 Build Windows container locally for testing	2025-08-08T01:28:25.3809315Z 01c4baad83ab: Pulling fs layer
build	🐳 Build Windows container locally for testing	2025-08-08T01:28:25.3858716Z ce7126e7d668: Pulling fs layer
build	🐳 Build Windows container locally for testing	2025-08-08T01:28:33.3542777Z ce7126e7d668: Verifying Checksum
build	🐳 Build Windows container locally for testing	2025-08-08T01:28:33.3543141Z ce7126e7d668: Download complete
build	🐳 Build Windows container locally for testing	2025-08-08T01:28:38.6300536Z 01c4baad83ab: Verifying Checksum
build	🐳 Build Windows container locally for testing	2025-08-08T01:28:38.6300998Z 01c4baad83ab: Download complete
build	🐳 Build Windows container locally for testing	2025-08-08T01:33:22.3864759Z 01c4baad83ab: Pull complete
build	🐳 Build Windows container locally for testing	2025-08-08T01:37:56.6255770Z ce7126e7d668: Pull complete
build	🐳 Build Windows container locally for testing	2025-08-08T01:37:56.7072043Z Digest: sha256:4891ffe47925304d0779bd43850d72524f8e162957bad8c1cf2e473284c465c5
build	🐳 Build Windows container locally for testing	2025-08-08T01:37:56.7204107Z Status: Downloaded newer image for mcr.microsoft.com/windows/server:ltsc2022
build	🐳 Build Windows container locally for testing	2025-08-08T01:37:56.7332892Z  ---> c09fd2a24cb6
build	🐳 Build Windows container locally for testing	2025-08-08T01:37:56.7333656Z Step 2/35 : SHELL ["powershell.exe", "-NoLogo", "-ExecutionPolicy", "Bypass", "-Command"]
build	🐳 Build Windows container locally for testing	2025-08-08T01:37:57.3361233Z  ---> Running in f37a10edaf95
build	🐳 Build Windows container locally for testing	2025-08-08T01:37:57.9715399Z  ---> Removed intermediate container f37a10edaf95
build	🐳 Build Windows container locally for testing	2025-08-08T01:37:57.9716031Z  ---> a3a1463be443
build	🐳 Build Windows container locally for testing	2025-08-08T01:37:57.9716455Z Step 3/35 : ENV R_LIBS_USER="C:/r-lib"
build	🐳 Build Windows container locally for testing	2025-08-08T01:37:58.5350852Z  ---> Running in 15bd9d2f5737
build	🐳 Build Windows container locally for testing	2025-08-08T01:37:59.1579331Z  ---> Removed intermediate container 15bd9d2f5737
build	🐳 Build Windows container locally for testing	2025-08-08T01:37:59.1579775Z  ---> 36e1b9b8be49
build	🐳 Build Windows container locally for testing	2025-08-08T01:37:59.1580060Z Step 4/35 : ENV QUARTO_LOG_LEVEL="INFO"
build	🐳 Build Windows container locally for testing	2025-08-08T01:37:59.7180484Z  ---> Running in 8ebc65f73cd1
build	🐳 Build Windows container locally for testing	2025-08-08T01:38:00.3411138Z  ---> Removed intermediate container 8ebc65f73cd1
build	🐳 Build Windows container locally for testing	2025-08-08T01:38:00.3411575Z  ---> b120b7dfd962
build	🐳 Build Windows container locally for testing	2025-08-08T01:38:00.3411881Z Step 5/35 : ENV PYTHONIOENCODING="utf-8"
build	🐳 Build Windows container locally for testing	2025-08-08T01:38:00.9387419Z  ---> Running in 5ffb750f0e11
build	🐳 Build Windows container locally for testing	2025-08-08T01:38:01.5859183Z  ---> Removed intermediate container 5ffb750f0e11
build	🐳 Build Windows container locally for testing	2025-08-08T01:38:01.5859821Z  ---> 3f6ec4ccb267
build	🐳 Build Windows container locally for testing	2025-08-08T01:38:01.5860265Z Step 6/35 : ENV LANG="en_US.UTF-8"
build	🐳 Build Windows container locally for testing	2025-08-08T01:38:02.1558609Z  ---> Running in 36245ad9a5a0
build	🐳 Build Windows container locally for testing	2025-08-08T01:38:02.7589101Z  ---> Removed intermediate container 36245ad9a5a0
build	🐳 Build Windows container locally for testing	2025-08-08T01:38:02.7589761Z  ---> a5423107aae3
build	🐳 Build Windows container locally for testing	2025-08-08T01:38:02.7590139Z Step 7/35 : ENV LC_ALL="en_US.UTF-8"
build	🐳 Build Windows container locally for testing	2025-08-08T01:38:03.3415189Z  ---> Running in b30c828001e6
build	🐳 Build Windows container locally for testing	2025-08-08T01:38:03.9542444Z  ---> Removed intermediate container b30c828001e6
build	🐳 Build Windows container locally for testing	2025-08-08T01:38:03.9543086Z  ---> f0ae7d597fb6
build	🐳 Build Windows container locally for testing	2025-08-08T01:38:03.9544084Z Step 8/35 : RUN New-Item -ItemType Directory -Force -Path 'C:\temp' | Out-Null ; New-Item -ItemType Directory -Force -Path 'C:\r-lib' | Out-Null
build	🐳 Build Windows container locally for testing	2025-08-08T01:38:04.5304616Z  ---> Running in 22f8c7d6a7c2
build	🐳 Build Windows container locally for testing	2025-08-08T01:38:18.6599561Z  ---> Removed intermediate container 22f8c7d6a7c2
build	🐳 Build Windows container locally for testing	2025-08-08T01:38:18.6600208Z  ---> 8c7d554003ad
build	🐳 Build Windows container locally for testing	2025-08-08T01:38:18.6967875Z Step 9/35 : RUN Write-Host 'Installing PowerShell 7 ZIP...' ;     $Url = 'https://github.com/PowerShell/PowerShell/releases/download/v7.4.1/PowerShell-7.4.1-win-x64.zip' ;     $Zip = 'C:\PowerShell-7.4.1.zip' ;     Invoke-WebRequest -Uri $Url -OutFile $Zip -UseBasicParsing ;     New-Item -ItemType Directory -Force -Path 'C:\Program Files\PowerShell\7' | Out-Null ;     Expand-Archive -Path $Zip -DestinationPath 'C:\Program Files\PowerShell\7' -Force ;     Remove-Item $Zip -Force ;     $mach = [Environment]::GetEnvironmentVariable('PATH','Machine') ;     if ($mach -notmatch [regex]::Escape('C:\Program Files\PowerShell\7')) {       [Environment]::SetEnvironmentVariable('PATH', ('C:\Program Files\PowerShell\7;' + $mach), 'Machine') } ;     & 'C:\Program Files\PowerShell\7\pwsh.exe' -NoLogo -Command '$PSVersionTable.PSVersion ; Write-Host ''PowerShell 7 installation verified ✅'''
build	🐳 Build Windows container locally for testing	2025-08-08T01:38:19.2528927Z  ---> Running in 05730122c225
build	🐳 Build Windows container locally for testing	2025-08-08T01:38:23.0501228Z Installing PowerShell 7 ZIP...
build	🐳 Build Windows container locally for testing	2025-08-08T01:40:20.9739629Z 
build	🐳 Build Windows container locally for testing	2025-08-08T01:40:20.9753996Z [32;1mMajor [0m[32;1m Minor [0m[32;1m Patch [0m[32;1m PreReleaseLabel[0m[32;1m BuildLabel[0m
build	🐳 Build Windows container locally for testing	2025-08-08T01:40:20.9755599Z [32;1m----- [0m [32;1m----- [0m [32;1m----- [0m [32;1m---------------[0m [32;1m----------[0m
build	🐳 Build Windows container locally for testing	2025-08-08T01:40:20.9757166Z 7      4      1                      
build	🐳 Build Windows container locally for testing	2025-08-08T01:40:21.1805130Z PowerShell 7 installation verified ✅
build	🐳 Build Windows container locally for testing	2025-08-08T01:40:21.1809304Z 
build	🐳 Build Windows container locally for testing	2025-08-08T01:40:34.5852149Z  ---> Removed intermediate container 05730122c225
build	🐳 Build Windows container locally for testing	2025-08-08T01:40:34.5852799Z  ---> d39dd0361625
build	🐳 Build Windows container locally for testing	2025-08-08T01:40:34.5853712Z Step 10/35 : SHELL ["C:\\Program Files\\PowerShell\\7\\pwsh.exe", "-NoLogo", "-ExecutionPolicy", "Bypass", "-Command"]
build	🐳 Build Windows container locally for testing	2025-08-08T01:40:35.1618370Z  ---> Running in 0e0dc30f5f5a
build	🐳 Build Windows container locally for testing	2025-08-08T01:40:35.7524242Z  ---> Removed intermediate container 0e0dc30f5f5a
build	🐳 Build Windows container locally for testing	2025-08-08T01:40:35.7524724Z  ---> aa0b38cd41c8
build	🐳 Build Windows container locally for testing	2025-08-08T01:40:35.7525797Z Step 11/35 : RUN Write-Host 'Installing Chocolatey...' ;     [Net.ServicePointManager]::SecurityProtocol = [Net.SecurityProtocolType]::Tls12 ;     iex ((New-Object Net.WebClient).DownloadString('https://chocolatey.org/install.ps1')) ;     choco --version
build	🐳 Build Windows container locally for testing	2025-08-08T01:40:36.3225976Z  ---> Running in da85775ff229
build	🐳 Build Windows container locally for testing	2025-08-08T01:40:39.5806160Z Installing Chocolatey...
build	🐳 Build Windows container locally for testing	2025-08-08T01:40:41.2470191Z Forcing web requests to allow TLS v1.2 (Required for requests to Chocolatey.org)
build	🐳 Build Windows container locally for testing	2025-08-08T01:40:41.2495214Z Getting latest version of the Chocolatey package for download.
build	🐳 Build Windows container locally for testing	2025-08-08T01:40:41.2586301Z Not using proxy.
build	🐳 Build Windows container locally for testing	2025-08-08T01:40:41.3181114Z Getting Chocolatey from https://community.chocolatey.org/api/v2/package/chocolatey/2.5.0.
build	🐳 Build Windows container locally for testing	2025-08-08T01:40:41.3204037Z Downloading https://community.chocolatey.org/api/v2/package/chocolatey/2.5.0 to C:\Users\ContainerAdministrator\AppData\Local\Temp\chocolatey\chocoInstall\chocolatey.zip
build	🐳 Build Windows container locally for testing	2025-08-08T01:40:41.3214393Z Not using proxy.
build	🐳 Build Windows container locally for testing	2025-08-08T01:40:41.6095566Z Extracting C:\Users\ContainerAdministrator\AppData\Local\Temp\chocolatey\chocoInstall\chocolatey.zip to C:\Users\ContainerAdministrator\AppData\Local\Temp\chocolatey\chocoInstall
build	🐳 Build Windows container locally for testing	2025-08-08T01:40:42.0484510Z Installing Chocolatey on the local machine
build	🐳 Build Windows container locally for testing	2025-08-08T01:40:42.7063976Z Creating ChocolateyInstall as an environment variable (targeting 'Machine') 
build	🐳 Build Windows container locally for testing	2025-08-08T01:40:42.7064651Z   Setting ChocolateyInstall to 'C:\ProgramData\chocolatey'
build	🐳 Build Windows container locally for testing	2025-08-08T01:40:42.7092680Z WARNING: It's very likely you will need to close and reopen your shell 
build	🐳 Build Windows container locally for testing	2025-08-08T01:40:42.7094405Z   before you can use choco.
build	🐳 Build Windows container locally for testing	2025-08-08T01:40:42.8306985Z Restricting write permissions to Administrators
build	🐳 Build Windows container locally for testing	2025-08-08T01:40:42.8615812Z We are setting up the Chocolatey package repository.
build	🐳 Build Windows container locally for testing	2025-08-08T01:40:42.8616449Z The packages themselves go to 'C:\ProgramData\chocolatey\lib'
build	🐳 Build Windows container locally for testing	2025-08-08T01:40:42.8617257Z   (i.e. C:\ProgramData\chocolatey\lib\yourPackageName).
build	🐳 Build Windows container locally for testing	2025-08-08T01:40:42.8617776Z A shim file for the command line goes to 'C:\ProgramData\chocolatey\bin'
build	🐳 Build Windows container locally for testing	2025-08-08T01:40:42.8618382Z   and points to an executable in 'C:\ProgramData\chocolatey\lib\yourPackageName'.
build	🐳 Build Windows container locally for testing	2025-08-08T01:40:42.8619434Z 
build	🐳 Build Windows container locally for testing	2025-08-08T01:40:42.8619636Z Creating Chocolatey CLI folders if they do not already exist.
build	🐳 Build Windows container locally for testing	2025-08-08T01:40:42.8619930Z 
build	🐳 Build Windows container locally for testing	2025-08-08T01:40:42.9524624Z chocolatey.nupkg file not installed in lib.
build	🐳 Build Windows container locally for testing	2025-08-08T01:40:42.9525196Z  Attempting to locate it from bootstrapper.
build	🐳 Build Windows container locally for testing	2025-08-08T01:40:42.9841960Z PATH environment variable does not have C:\ProgramData\chocolatey\bin in it. Adding...
build	🐳 Build Windows container locally for testing	2025-08-08T01:40:43.3620742Z [33;1mWARNING: Not setting tab completion: Profile file does not exist at 'C:\Users\ContainerAdministrator\Documents\PowerShell\Microsoft.PowerShell_profile.ps1'.[0m
build	🐳 Build Windows container locally for testing	2025-08-08T01:40:44.9037020Z Chocolatey CLI (choco.exe) is now ready.
build	🐳 Build Windows container locally for testing	2025-08-08T01:40:44.9037694Z You can call choco from anywhere, command line or PowerShell by typing choco.
build	🐳 Build Windows container locally for testing	2025-08-08T01:40:44.9038136Z Run choco /? for a list of functions.
build	🐳 Build Windows container locally for testing	2025-08-08T01:40:44.9038772Z You may need to shut down and restart PowerShell and/or consoles
build	🐳 Build Windows container locally for testing	2025-08-08T01:40:44.9039590Z  first prior to using choco.
build	🐳 Build Windows container locally for testing	2025-08-08T01:40:44.9085634Z Ensuring Chocolatey commands are on the path
build	🐳 Build Windows container locally for testing	2025-08-08T01:40:44.9115976Z Ensuring chocolatey.nupkg is in the lib folder
build	🐳 Build Windows container locally for testing	2025-08-08T01:40:46.3271050Z 2.5.0
build	🐳 Build Windows container locally for testing	2025-08-08T01:40:52.2724425Z  ---> Removed intermediate container da85775ff229
build	🐳 Build Windows container locally for testing	2025-08-08T01:40:52.2724865Z  ---> b42bb97e18f7
build	🐳 Build Windows container locally for testing	2025-08-08T01:40:52.2725308Z Step 12/35 : COPY tools/dependencies/requirements/                  C:/temp/requirements/
build	🐳 Build Windows container locally for testing	2025-08-08T01:40:53.3997208Z  ---> f5af1d4e8759
build	🐳 Build Windows container locally for testing	2025-08-08T01:40:53.3997892Z Step 13/35 : COPY tools/dependencies/requirements-build.txt         C:/temp/requirements.txt
build	🐳 Build Windows container locally for testing	2025-08-08T01:40:54.4942576Z  ---> c2f0c7b5f484
build	🐳 Build Windows container locally for testing	2025-08-08T01:40:54.4944500Z Step 14/35 : COPY tools/dependencies/install_packages.R             C:/temp/install_packages.R
build	🐳 Build Windows container locally for testing	2025-08-08T01:40:55.5951857Z  ---> 44263dde665d
build	🐳 Build Windows container locally for testing	2025-08-08T01:40:55.5952879Z Step 15/35 : COPY tools/dependencies/tl_packages                    C:/temp/tl_packages
build	🐳 Build Windows container locally for testing	2025-08-08T01:40:56.6149431Z  ---> 0a44f4e31ab2
build	🐳 Build Windows container locally for testing	2025-08-08T01:40:56.6150782Z Step 16/35 : COPY docker/build-quarto-windows/verify_r_packages.R   C:/temp/verify_r_packages.R
build	🐳 Build Windows container locally for testing	2025-08-08T01:40:57.6889557Z  ---> 021a3a00eeef
build	🐳 Build Windows container locally for testing	2025-08-08T01:40:57.6895003Z Step 17/35 : RUN Write-Host 'Installing Scoop...' ;     Invoke-WebRequest -useb get.scoop.sh -outfile 'C:\temp\install.ps1' ;     .\C:\temp\install.ps1 -RunAsAdmin ;     $scoopShims = Join-Path (Resolve-Path ~).Path "scoop\shims" ;     $mach = [Environment]::GetEnvironmentVariable('PATH','Machine') ;     [Environment]::SetEnvironmentVariable('PATH', ($scoopShims + ';' + $mach), 'Machine') ;     Write-Host "✅ Added Scoop shims to PATH: $scoopShims" ;     scoop bucket add r-bucket https://github.com/cderv/r-bucket.git
build	🐳 Build Windows container locally for testing	2025-08-08T01:40:58.1979508Z  ---> Running in c1a763d7abb3
build	🐳 Build Windows container locally for testing	2025-08-08T01:41:00.9768283Z Installing Scoop...
build	🐳 Build Windows container locally for testing	2025-08-08T01:41:01.5504708Z [91m[31;1m.\C:\temp\install.ps1: [31;1mThe term '.\C:\temp\install.ps1' is not recognized as a name of a cmdlet, function, script file, or executable program.[0m
build	🐳 Build Windows container locally for testing	2025-08-08T01:41:01.5505699Z [0m[91m[31;1m[31;1mCheck the spelling of the name, or if a path was included, verify that the path is correct and try again.[0m
build	🐳 Build Windows container locally for testing	2025-08-08T01:41:01.5949464Z [0m✅ Added Scoop shims to PATH: C:\Users\ContainerAdministrator\scoop\shims
build	🐳 Build Windows container locally for testing	2025-08-08T01:41:02.6302597Z [91m[31;1mscoop: [31;1mThe term 'scoop' is not recognized as a name of a cmdlet, function, script file, or executable program.[0m
build	🐳 Build Windows container locally for testing	2025-08-08T01:41:02.6303741Z [31;1m[31;1mCheck the spelling of the name, or if a path was included, verify that the path is correct and try again.[0m
build	🐳 Build Windows container locally for testing	2025-08-08T01:41:04.5314413Z The command 'C:\Program Files\PowerShell\7\pwsh.exe -NoLogo -ExecutionPolicy Bypass -Command Write-Host 'Installing Scoop...' ;     Invoke-WebRequest -useb get.scoop.sh -outfile 'C:\temp\install.ps1' ;     .\C:\temp\install.ps1 -RunAsAdmin ;     $scoopShims = Join-Path (Resolve-Path ~).Path "scoop\shims" ;     $mach = [Environment]::GetEnvironmentVariable('PATH','Machine') ;     [Environment]::SetEnvironmentVariable('PATH', ($scoopShims + ';' + $mach), 'Machine') ;     Write-Host "✅ Added Scoop shims to PATH: $scoopShims" ;     scoop bucket add r-bucket https://github.com/cderv/r-bucket.git' returned a non-zero code: 1
build	🐳 Build Windows container locally for testing	2025-08-08T01:41:04.6536100Z [0m✅ Local container build completed
build	🐳 Build Windows container locally for testing	2025-08-08T01:41:04.6594136Z 📊 Verifying local image exists...
build	🐳 Build Windows container locally for testing	2025-08-08T01:41:04.8109397Z REPOSITORY   TAG       IMAGE ID   CREATED   SIZE
build	🐳 Push Windows container to registry	﻿2025-08-08T01:41:05.3926998Z ##[group]Run echo "📦 Pushing container to registry..."
build	🐳 Push Windows container to registry	2025-08-08T01:41:05.3927482Z [36;1mecho "📦 Pushing container to registry..."[0m
build	🐳 Push Windows container to registry	2025-08-08T01:41:05.3927922Z [36;1mdocker push ghcr.io/harvard-edge/cs249r_book/quarto-windows:latest[0m
build	🐳 Push Windows container to registry	2025-08-08T01:41:05.3928313Z [36;1m[0m
build	🐳 Push Windows container to registry	2025-08-08T01:41:05.3928523Z [36;1mecho "✅ Container push completed"[0m
build	🐳 Push Windows container to registry	2025-08-08T01:41:05.3970621Z shell: C:\Program Files\PowerShell\7\pwsh.EXE -command ". '{0}'"
build	🐳 Push Windows container to registry	2025-08-08T01:41:05.3970991Z env:
build	🐳 Push Windows container to registry	2025-08-08T01:41:05.3971196Z   REGISTRY: ghcr.io
build	🐳 Push Windows container to registry	2025-08-08T01:41:05.3971480Z   IMAGE_NAME: harvard-edge/cs249r_book/quarto-windows
build	🐳 Push Windows container to registry	2025-08-08T01:41:05.3971785Z   CONTAINER_TAG: latest
build	🐳 Push Windows container to registry	2025-08-08T01:41:05.3972097Z   DOCKERFILE_PATH: ./docker/build-quarto-windows/Dockerfile
build	🐳 Push Windows container to registry	2025-08-08T01:41:05.3972406Z   CONTEXT_PATH: .
build	🐳 Push Windows container to registry	2025-08-08T01:41:05.3972647Z   DOCKER_METADATA_OUTPUT_VERSION: latest
build	🐳 Push Windows container to registry	2025-08-08T01:41:05.3973066Z   DOCKER_METADATA_OUTPUT_TAGS: ghcr.io/harvard-edge/cs249r_book/quarto-windows:latest
build	🐳 Push Windows container to registry	2025-08-08T01:41:05.3975173Z   DOCKER_METADATA_OUTPUT_LABELS: org.opencontainers.image.created=2025-08-08T01:28:11.903Z
build	🐳 Push Windows container to registry	org.opencontainers.image.description=Introduction to Machine Learning Systems
build	🐳 Push Windows container to registry	org.opencontainers.image.licenses=NOASSERTION
build	🐳 Push Windows container to registry	org.opencontainers.image.revision=08eaa88d9ba8304404311059b8d471159bf054da
build	🐳 Push Windows container to registry	org.opencontainers.image.source=https://github.com/harvard-edge/cs249r_book
build	🐳 Push Windows container to registry	org.opencontainers.image.title=cs249r_book
build	🐳 Push Windows container to registry	org.opencontainers.image.url=https://github.com/harvard-edge/cs249r_book
build	🐳 Push Windows container to registry	org.opencontainers.image.version=latest
build	🐳 Push Windows container to registry	2025-08-08T01:41:05.3978848Z   DOCKER_METADATA_OUTPUT_ANNOTATIONS: manifest:org.opencontainers.image.created=2025-08-08T01:28:11.903Z
build	🐳 Push Windows container to registry	manifest:org.opencontainers.image.description=Introduction to Machine Learning Systems
build	🐳 Push Windows container to registry	manifest:org.opencontainers.image.licenses=NOASSERTION
build	🐳 Push Windows container to registry	manifest:org.opencontainers.image.revision=08eaa88d9ba8304404311059b8d471159bf054da
build	🐳 Push Windows container to registry	manifest:org.opencontainers.image.source=https://github.com/harvard-edge/cs249r_book
build	🐳 Push Windows container to registry	manifest:org.opencontainers.image.title=cs249r_book
build	🐳 Push Windows container to registry	manifest:org.opencontainers.image.url=https://github.com/harvard-edge/cs249r_book
build	🐳 Push Windows container to registry	manifest:org.opencontainers.image.version=latest
build	🐳 Push Windows container to registry	2025-08-08T01:41:05.3984827Z   DOCKER_METADATA_OUTPUT_JSON: {"tags":["ghcr.io/harvard-edge/cs249r_book/quarto-windows:latest"],"labels":{"org.opencontainers.image.created":"2025-08-08T01:28:11.903Z","org.opencontainers.image.description":"Introduction to Machine Learning Systems","org.opencontainers.image.licenses":"NOASSERTION","org.opencontainers.image.revision":"08eaa88d9ba8304404311059b8d471159bf054da","org.opencontainers.image.source":"https://github.com/harvard-edge/cs249r_book","org.opencontainers.image.title":"cs249r_book","org.opencontainers.image.url":"https://github.com/harvard-edge/cs249r_book","org.opencontainers.image.version":"latest"},"annotations":["manifest:org.opencontainers.image.created=2025-08-08T01:28:11.903Z","manifest:org.opencontainers.image.description=Introduction to Machine Learning Systems","manifest:org.opencontainers.image.licenses=NOASSERTION","manifest:org.opencontainers.image.revision=08eaa88d9ba8304404311059b8d471159bf054da","manifest:org.opencontainers.image.source=https://github.com/harvard-edge/cs249r_book","manifest:org.opencontainers.image.title=cs249r_book","manifest:org.opencontainers.image.url=https://github.com/harvard-edge/cs249r_book","manifest:org.opencontainers.image.version=latest"]}
build	🐳 Push Windows container to registry	2025-08-08T01:41:05.4000861Z   DOCKER_METADATA_OUTPUT_BAKE_FILE_TAGS: D:\a\_temp\docker-actions-toolkit-civRua\docker-metadata-action-bake-tags.json
build	🐳 Push Windows container to registry	2025-08-08T01:41:05.4001861Z   DOCKER_METADATA_OUTPUT_BAKE_FILE_LABELS: D:\a\_temp\docker-actions-toolkit-civRua\docker-metadata-action-bake-labels.json
build	🐳 Push Windows container to registry	2025-08-08T01:41:05.4002866Z   DOCKER_METADATA_OUTPUT_BAKE_FILE_ANNOTATIONS: D:\a\_temp\docker-actions-toolkit-civRua\docker-metadata-action-bake-annotations.json
build	🐳 Push Windows container to registry	2025-08-08T01:41:05.4003869Z   DOCKER_METADATA_OUTPUT_BAKE_FILE: D:\a\_temp\docker-actions-toolkit-civRua\docker-metadata-action-bake.json
build	🐳 Push Windows container to registry	2025-08-08T01:41:05.4004470Z ##[endgroup]
build	🐳 Push Windows container to registry	2025-08-08T01:41:06.0305232Z 📦 Pushing container to registry...
build	🐳 Push Windows container to registry	2025-08-08T01:41:06.0934202Z The push refers to repository [ghcr.io/harvard-edge/cs249r_book/quarto-windows]
build	🐳 Push Windows container to registry	2025-08-08T01:41:06.0935762Z An image does not exist locally with the tag: ghcr.io/harvard-edge/cs249r_book/quarto-windows
build	🐳 Push Windows container to registry	2025-08-08T01:41:06.0981226Z ✅ Container push completed
build	🐳 Push Windows container to registry	2025-08-08T01:41:06.1825328Z ##[error]Process completed with exit code 1.
build	Post 🔐 Log in to Container Registry	﻿2025-08-08T01:41:06.2109444Z Post job cleanup.
build	Post 🔐 Log in to Container Registry	2025-08-08T01:41:07.0380483Z [command]C:\Windows\system32\docker.exe logout ghcr.io
build	Post 🔐 Log in to Container Registry	2025-08-08T01:41:07.0648666Z Removing login credentials for ghcr.io
build	Post 🔐 Log in to Container Registry	2025-08-08T01:41:07.0699109Z ##[group]Post cache
build	Post 🔐 Log in to Container Registry	2025-08-08T01:41:07.0700888Z State not set
build	Post 🔐 Log in to Container Registry	2025-08-08T01:41:07.0703036Z ##[endgroup]
build	Post 📥 Checkout repository	﻿2025-08-08T01:41:07.1018288Z Post job cleanup.
build	Post 📥 Checkout repository	2025-08-08T01:41:07.3497412Z [command]"C:\Program Files\Git\bin\git.exe" version
build	Post 📥 Checkout repository	2025-08-08T01:41:07.4316170Z git version 2.50.1.windows.1
build	Post 📥 Checkout repository	2025-08-08T01:41:07.4402113Z Temporarily overriding HOME='D:\a\_temp\7f7680b1-c3f1-498e-987f-d877b43a70b2' before making global git config changes
build	Post 📥 Checkout repository	2025-08-08T01:41:07.4402771Z Adding repository directory to the temporary git global config as a safe directory
build	Post 📥 Checkout repository	2025-08-08T01:41:07.4414077Z [command]"C:\Program Files\Git\bin\git.exe" config --global --add safe.directory D:\a\cs249r_book\cs249r_book
build	Post 📥 Checkout repository	2025-08-08T01:41:07.4691507Z [command]"C:\Program Files\Git\bin\git.exe" config --local --name-only --get-regexp core\.sshCommand
build	Post 📥 Checkout repository	2025-08-08T01:41:07.4963827Z [command]"C:\Program Files\Git\bin\git.exe" submodule foreach --recursive "sh -c \"git config --local --name-only --get-regexp 'core\.sshCommand' && git config --local --unset-all 'core.sshCommand' || :\""
build	Post 📥 Checkout repository	2025-08-08T01:41:08.0141695Z [command]"C:\Program Files\Git\bin\git.exe" config --local --name-only --get-regexp http\.https\:\/\/github\.com\/\.extraheader
build	Post 📥 Checkout repository	2025-08-08T01:41:08.0353295Z http.https://github.com/.extraheader
build	Post 📥 Checkout repository	2025-08-08T01:41:08.0391170Z [command]"C:\Program Files\Git\bin\git.exe" config --local --unset-all http.https://github.com/.extraheader
build	Post 📥 Checkout repository	2025-08-08T01:41:08.0641923Z [command]"C:\Program Files\Git\bin\git.exe" submodule foreach --recursive "sh -c \"git config --local --name-only --get-regexp 'http\.https\:\/\/github\.com\/\.extraheader' && git config --local --unset-all 'http.https://github.com/.extraheader' || :\""
build	Complete job	﻿2025-08-08T01:41:08.5109398Z Cleaning up orphan processes
